t=2026-03-14T21:36:22+0700 lvl=info msg="open config file" path=C:\\Users\\LapHub\\AppData\\Local\\Packages\\ngrok.ngrok_1g87z0zv29zzc\\LocalCache\\Local\\ngrok\\ngrok.yml err=nil
t=2026-03-14T21:37:43+0700 lvl=info msg="no configuration paths supplied"
t=2026-03-14T21:37:43+0700 lvl=info msg="ignoring default config path, could not stat it" path=C:\\Users\\LapHub\\AppData\\Local/ngrok/ngrok.yml
t=2026-03-14T21:37:43+0700 lvl=info msg="starting web service" obj=web addr=127.0.0.1:4040 allow_hosts=[]
t=2026-03-14T21:37:44+0700 lvl=eror msg="failed to reconnect session" obj=tunnels.session obj=csess id=2caab81da809 err="authentication failed: Your ngrok-agent version \"3.3.1\" is too old. The minimum supported agent version for your account is \"3.20.0\". Update to a newer version with 'ngrok update', by downloading from https://ngrok.com/download, or by updating your SDK version. Paid accounts are currently excluded from minimum agent version requirements. To begin handling traffic immediately without updating your agent, upgrade to a paid plan: https://dashboard.ngrok.com/billing/choose-a-plan.\r\n\r\nERR_NGROK_121\r\n"
t=2026-03-14T21:37:44+0700 lvl=eror msg="session closing" obj=tunnels.session err="authentication failed: Your ngrok-agent version \"3.3.1\" is too old. The minimum supported agent version for your account is \"3.20.0\". Update to a newer version with 'ngrok update', by downloading from https://ngrok.com/download, or by updating your SDK version. Paid accounts are currently excluded from minimum agent version requirements. To begin handling traffic immediately without updating your agent, upgrade to a paid plan: https://dashboard.ngrok.com/billing/choose-a-plan.\r\n\r\nERR_NGROK_121\r\n"
t=2026-03-14T21:37:44+0700 lvl=info msg="received stop request" obj=app stopReq="{err:{Remote:true Inner:0xc000716100} restart:false}"
t=2026-03-14T21:37:44+0700 lvl=eror msg="terminating with error" obj=app err="authentication failed: Your ngrok-agent version \"3.3.1\" is too old. The minimum supported agent version for your account is \"3.20.0\". Update to a newer version with 'ngrok update', by downloading from https://ngrok.com/download, or by updating your SDK version. Paid accounts are currently excluded from minimum agent version requirements. To begin handling traffic immediately without updating your agent, upgrade to a paid plan: https://dashboard.ngrok.com/billing/choose-a-plan.\r\n\r\nERR_NGROK_121\r\n"
t=2026-03-14T21:37:44+0700 lvl=crit msg="command failed" err="authentication failed: Your ngrok-agent version \"3.3.1\" is too old. The minimum supported agent version for your account is \"3.20.0\". Update to a newer version with 'ngrok update', by downloading from https://ngrok.com/download, or by updating your SDK version. Paid accounts are currently excluded from minimum agent version requirements. To begin handling traffic immediately without updating your agent, upgrade to a paid plan: https://dashboard.ngrok.com/billing/choose-a-plan.\r\n\r\nERR_NGROK_121\r\n"
t=2026-03-14T21:37:44+0700 lvl=warn msg="failed to check for update" obj=updater err="Post \"https://update.equinox.io/check\": context canceled"
t=2026-03-14T21:37:44+0700 lvl=info msg="no more state changes" obj=tunnels.session
t=2026-03-14T21:40:01+0700 lvl=info msg="open config file" path=C:\\Users\\LapHub\\AppData\\Local\\Packages\\ngrok.ngrok_1g87z0zv29zzc\\LocalCache\\Local\\ngrok\\ngrok.yml err=nil
t=2026-03-14T21:40:01+0700 lvl=info msg="FIPS 140 mode" enabled=false
t=2026-03-14T21:40:01+0700 lvl=info msg="starting web service" obj=web addr=127.0.0.1:4040 allow_hosts=[]
t=2026-03-14T21:40:02+0700 lvl=info msg="client session established" obj=tunnels.session
t=2026-03-14T21:40:02+0700 lvl=info msg="tunnel session started" obj=tunnels.session
t=2026-03-14T21:40:03+0700 lvl=info msg="started tunnel" obj=tunnels name=command_line addr=http://localhost:8080 url=https://extrajudicial-fleta-fallalishly.ngrok-free.dev
t=2026-03-14T21:40:16+0700 lvl=info msg=start pg=/api/tunnels id=1e770d7cc42cf333
t=2026-03-14T21:40:16+0700 lvl=info msg=end pg=/api/tunnels id=1e770d7cc42cf333 status=200 dur=0s
t=2026-03-14T21:42:18+0700 lvl=info msg="join connections" obj=join id=3298bdf474a7 l=[::1]:8080 r=[2600:3c15::2000:8aff:fedd:874b]:42434
t=2026-03-14T21:42:35+0700 lvl=info msg="join connections" obj=join id=5b69cbcbbea6 l=[::1]:8080 r=[2a09:bac6:d69b:137d::1f1:1db]:12806
t=2026-03-14T21:58:23+0700 lvl=info msg=start pg=/api/tunnels id=caa71b30cae4c1d2
t=2026-03-14T21:58:23+0700 lvl=info msg=end pg=/api/tunnels id=caa71b30cae4c1d2 status=200 dur=0s
t=2026-03-14T22:04:05+0700 lvl=eror msg="session closed, starting reconnect loop" obj=tunnels.session obj=csess id=a2084efc2763 err="read tcp [2606:4700:110:8e6b:743:81c3:29b2:7d65]:59715->[2406:da18:27f:c802:e93a:1ce:45d6:f098]:443: wsarecv: An established connection was aborted by the software in your host machine."
t=2026-03-14T22:04:06+0700 lvl=info msg="client session established" obj=tunnels.session
t=2026-03-14T22:04:06+0700 lvl=info msg="tunnel session started" obj=tunnels.session
t=2026-03-14T22:04:27+0700 lvl=eror msg="heartbeat timeout, terminating session" obj=tunnels.session obj=csess id=1bba8b7d7ad4 clientid=2ff5769c0dc147f2f53ba7ed3d24c2ac
t=2026-03-14T22:37:14+0700 lvl=info msg="join connections" obj=join id=46a7e077ef78 l=[::1]:8080 r=115.76.119.30:56362
